Copyright 1986-2022 Xilinx, Inc. All Rights Reserved. Copyright 2022-2025 Advanced Micro Devices, Inc. All Rights Reserved.
---------------------------------------------------------------------------------------------------------------------------------------------
| Tool Version : Vivado v.2025.1 (win64) Build 6140274 Thu May 22 00:12:29 MDT 2025
| Date         : Thu Jul  2 21:08:14 2026
| Host         : apopekun_Victus running 64-bit major release  (build 9200)
| Command      : report_control_sets -verbose -file main_control_sets_placed.rpt
| Design       : main
| Device       : xc7a35t
---------------------------------------------------------------------------------------------------------------------------------------------

Control Set Information

Table of Contents
-----------------
1. Summary
2. Histogram
3. Flip-Flop Distribution
4. Detailed Control Set Information

1. Summary
----------

+----------------------------------------------------------+-------+
|                          Status                          | Count |
+----------------------------------------------------------+-------+
| Total control sets                                       |    70 |
|    Minimum number of control sets                        |    70 |
|    Addition due to synthesis replication                 |     0 |
|    Addition due to physical synthesis replication        |     0 |
| Unused register locations in slices containing registers |    11 |
+----------------------------------------------------------+-------+
* Control sets can be merged at opt_design using control_set_merge or merge_equivalent_drivers
** Run report_qor_suggestions for automated merging and remapping suggestions


2. Histogram
------------

+--------------------+-------+
|       Fanout       | Count |
+--------------------+-------+
| Total control sets |    70 |
| >= 0 to < 4        |     0 |
| >= 4 to < 6        |     0 |
| >= 6 to < 8        |     0 |
| >= 8 to < 10       |     0 |
| >= 10 to < 12      |     0 |
| >= 12 to < 14      |     0 |
| >= 14 to < 16      |     0 |
| >= 16              |    70 |
+--------------------+-------+
* Control sets can be remapped at either synth_design or opt_design


3. Flip-Flop Distribution
-------------------------

+--------------+-----------------------+------------------------+-----------------+--------------+
| Clock Enable | Synchronous Set/Reset | Asynchronous Set/Reset | Total Registers | Total Slices |
+--------------+-----------------------+------------------------+-----------------+--------------+
| No           | No                    | No                     |            2154 |          538 |
| No           | No                    | Yes                    |               0 |            0 |
| No           | Yes                   | No                     |            8171 |         2040 |
| Yes          | No                    | No                     |               0 |            0 |
| Yes          | No                    | Yes                    |               0 |            0 |
| Yes          | Yes                   | No                     |            1088 |          896 |
+--------------+-----------------------+------------------------+-----------------+--------------+


4. Detailed Control Set Information
-----------------------------------

+----------------+--------------------------------------------------------+------------------+------------------+----------------+--------------+
|  Clock Signal  |                      Enable Signal                     | Set/Reset Signal | Slice Load Count | Bel Load Count | Bels / Slice |
+----------------+--------------------------------------------------------+------------------+------------------+----------------+--------------+
|  clk_IBUF_BUFG | nolabel_line37/u_RingMemSys/u_ring/RAM[48][15]_i_1_n_0 | rst_IBUF         |               13 |             16 |         1.23 |
|  clk_IBUF_BUFG | nolabel_line37/u_RingMemSys/u_ring/RAM[9][15]_i_1_n_0  | rst_IBUF         |               16 |             16 |         1.00 |
|  clk_IBUF_BUFG | nolabel_line37/u_RingMemSys/u_ring/RAM[10][15]_i_1_n_0 | rst_IBUF         |               14 |             16 |         1.14 |
|  clk_IBUF_BUFG | nolabel_line37/u_RingMemSys/u_ring/RAM[11][15]_i_1_n_0 | rst_IBUF         |               13 |             16 |         1.23 |
|  clk_IBUF_BUFG | nolabel_line37/u_RingMemSys/u_ring/RAM                 | rst_IBUF         |               13 |             16 |         1.23 |
|  clk_IBUF_BUFG | nolabel_line37/u_RingMemSys/u_ring/RAM[12][15]_i_1_n_0 | rst_IBUF         |               11 |             16 |         1.45 |
|  clk_IBUF_BUFG | nolabel_line37/u_RingMemSys/u_ring/RAM[33][15]_i_1_n_0 | rst_IBUF         |               15 |             16 |         1.07 |
|  clk_IBUF_BUFG | nolabel_line37/u_RingMemSys/u_ring/RAM[40][15]_i_1_n_0 | rst_IBUF         |               14 |             16 |         1.14 |
|  clk_IBUF_BUFG | nolabel_line37/u_RingMemSys/u_ring/RAM[16][15]_i_1_n_0 | rst_IBUF         |               14 |             16 |         1.14 |
|  clk_IBUF_BUFG | nolabel_line37/u_RingMemSys/u_ring/RAM[53][15]_i_1_n_0 | rst_IBUF         |               13 |             16 |         1.23 |
|  clk_IBUF_BUFG | nolabel_line37/u_RingMemSys/u_ring/RAM[55][15]_i_1_n_0 | rst_IBUF         |               12 |             16 |         1.33 |
|  clk_IBUF_BUFG | nolabel_line37/u_RingMemSys/u_ring/RAM[5][15]_i_1_n_0  | rst_IBUF         |               13 |             16 |         1.23 |
|  clk_IBUF_BUFG | nolabel_line37/u_RingMemSys/u_ring/RAM[60][15]_i_1_n_0 | rst_IBUF         |               14 |             16 |         1.14 |
|  clk_IBUF_BUFG | nolabel_line37/u_RingMemSys/u_ring/RAM[6][15]_i_1_n_0  | rst_IBUF         |               11 |             16 |         1.45 |
|  clk_IBUF_BUFG | nolabel_line37/u_RingMemSys/u_ring/RAM[14][15]_i_1_n_0 | rst_IBUF         |               10 |             16 |         1.60 |
|  clk_IBUF_BUFG | nolabel_line37/u_RingMemSys/u_ring/RAM[46][15]_i_1_n_0 | rst_IBUF         |               13 |             16 |         1.23 |
|  clk_IBUF_BUFG | nolabel_line37/u_RingMemSys/u_ring/RAM[7][15]_i_1_n_0  | rst_IBUF         |               12 |             16 |         1.33 |
|  clk_IBUF_BUFG | nolabel_line37/u_RingMemSys/u_ring/RAM[26][15]_i_1_n_0 | rst_IBUF         |               14 |             16 |         1.14 |
|  clk_IBUF_BUFG | nolabel_line37/u_RingMemSys/u_ring/RAM[38][15]_i_1_n_0 | rst_IBUF         |               14 |             16 |         1.14 |
|  clk_IBUF_BUFG | nolabel_line37/u_RingMemSys/u_ring/RAM[27][15]_i_1_n_0 | rst_IBUF         |               13 |             16 |         1.23 |
|  clk_IBUF_BUFG | nolabel_line37/u_RingMemSys/u_ring/RAM[34][15]_i_1_n_0 | rst_IBUF         |               14 |             16 |         1.14 |
|  clk_IBUF_BUFG | nolabel_line37/u_RingMemSys/u_ring/RAM[3][15]_i_1_n_0  | rst_IBUF         |               16 |             16 |         1.00 |
|  clk_IBUF_BUFG | nolabel_line37/u_RingMemSys/u_ring/RAM[44][15]_i_1_n_0 | rst_IBUF         |               12 |             16 |         1.33 |
|  clk_IBUF_BUFG | nolabel_line37/u_RingMemSys/u_ring/RAM[52][15]_i_1_n_0 | rst_IBUF         |               15 |             16 |         1.07 |
|  clk_IBUF_BUFG | nolabel_line37/u_RingMemSys/u_ring/RAM[54][15]_i_1_n_0 | rst_IBUF         |               13 |             16 |         1.23 |
|  clk_IBUF_BUFG | nolabel_line37/u_RingMemSys/u_ring/RAM[24][15]_i_1_n_0 | rst_IBUF         |               12 |             16 |         1.33 |
|  clk_IBUF_BUFG | nolabel_line37/u_RingMemSys/u_ring/RAM[39][15]_i_1_n_0 | rst_IBUF         |               14 |             16 |         1.14 |
|  clk_IBUF_BUFG | nolabel_line37/u_RingMemSys/u_ring/RAM[49][15]_i_1_n_0 | rst_IBUF         |               15 |             16 |         1.07 |
|  clk_IBUF_BUFG | nolabel_line37/u_RingMemSys/u_ring/RAM[47][15]_i_1_n_0 | rst_IBUF         |               12 |             16 |         1.33 |
|  clk_IBUF_BUFG | nolabel_line37/u_RingMemSys/u_ring/RAM[15][15]_i_1_n_0 | rst_IBUF         |               13 |             16 |         1.23 |
|  clk_IBUF_BUFG | nolabel_line37/u_RingMemSys/u_ring/RAM[56][15]_i_1_n_0 | rst_IBUF         |               14 |             16 |         1.14 |
|  clk_IBUF_BUFG | nolabel_line37/u_RingMemSys/u_ring/RAM[43][15]_i_1_n_0 | rst_IBUF         |               15 |             16 |         1.07 |
|  clk_IBUF_BUFG | nolabel_line37/u_RingMemSys/u_ring/RAM[45][15]_i_1_n_0 | rst_IBUF         |               12 |             16 |         1.33 |
|  clk_IBUF_BUFG | nolabel_line37/u_RingMemSys/u_ring/RAM[59][15]_i_1_n_0 | rst_IBUF         |               14 |             16 |         1.14 |
|  clk_IBUF_BUFG | nolabel_line37/u_RingMemSys/u_ring/RAM[28][15]_i_1_n_0 | rst_IBUF         |               13 |             16 |         1.23 |
|  clk_IBUF_BUFG | nolabel_line37/u_RingMemSys/u_ring/RAM[4][15]_i_1_n_0  | rst_IBUF         |               13 |             16 |         1.23 |
|  clk_IBUF_BUFG | nolabel_line37/u_RingMemSys/u_ring/RAM[61][15]_i_1_n_0 | rst_IBUF         |               14 |             16 |         1.14 |
|  clk_IBUF_BUFG | nolabel_line37/u_RingMemSys/u_ring/RAM[19][15]_i_1_n_0 | rst_IBUF         |               13 |             16 |         1.23 |
|  clk_IBUF_BUFG | nolabel_line37/u_RingMemSys/u_ring/RAM[51][15]_i_1_n_0 | rst_IBUF         |               14 |             16 |         1.14 |
|  clk_IBUF_BUFG | nolabel_line37/u_RingMemSys/u_ring/RAM[22][15]_i_1_n_0 | rst_IBUF         |               13 |             16 |         1.23 |
|  clk_IBUF_BUFG | nolabel_line37/u_RingMemSys/u_ring/RAM[62][15]_i_1_n_0 | rst_IBUF         |               13 |             16 |         1.23 |
|  clk_IBUF_BUFG | nolabel_line37/u_RingMemSys/u_ring/RAM[63][15]_i_1_n_0 | rst_IBUF         |               13 |             16 |         1.23 |
|  clk_IBUF_BUFG | nolabel_line37/u_RingMemSys/u_ring/RAM[65][15]_i_1_n_0 | rst_IBUF         |               12 |             16 |         1.33 |
|  clk_IBUF_BUFG | nolabel_line37/u_RingMemSys/u_ring/RAM[66][15]_i_1_n_0 | rst_IBUF         |               11 |             16 |         1.45 |
|  clk_IBUF_BUFG | nolabel_line37/u_RingMemSys/u_ring/RAM[20][15]_i_1_n_0 | rst_IBUF         |               13 |             16 |         1.23 |
|  clk_IBUF_BUFG | nolabel_line37/u_RingMemSys/u_ring/RAM[57][15]_i_1_n_0 | rst_IBUF         |               11 |             16 |         1.45 |
|  clk_IBUF_BUFG | nolabel_line37/u_RingMemSys/u_ring/RAM[58][15]_i_1_n_0 | rst_IBUF         |               13 |             16 |         1.23 |
|  clk_IBUF_BUFG | nolabel_line37/u_RingMemSys/u_ring/RAM[30][15]_i_1_n_0 | rst_IBUF         |               14 |             16 |         1.14 |
|  clk_IBUF_BUFG | nolabel_line37/u_RingMemSys/u_ring/RAM[67][15]_i_1_n_0 | rst_IBUF         |                9 |             16 |         1.78 |
|  clk_IBUF_BUFG | nolabel_line37/u_RingMemSys/u_ring/RAM[50][15]_i_1_n_0 | rst_IBUF         |               12 |             16 |         1.33 |
|  clk_IBUF_BUFG | nolabel_line37/u_RingMemSys/u_ring/RAM[35][15]_i_1_n_0 | rst_IBUF         |               15 |             16 |         1.07 |
|  clk_IBUF_BUFG | nolabel_line37/u_RingMemSys/u_ring/RAM[36][15]_i_1_n_0 | rst_IBUF         |               15 |             16 |         1.07 |
|  clk_IBUF_BUFG | nolabel_line37/u_RingMemSys/u_ring/RAM[21][15]_i_1_n_0 | rst_IBUF         |               13 |             16 |         1.23 |
|  clk_IBUF_BUFG | nolabel_line37/u_RingMemSys/u_ring/RAM[2][15]_i_1_n_0  | rst_IBUF         |               14 |             16 |         1.14 |
|  clk_IBUF_BUFG | nolabel_line37/u_RingMemSys/u_ring/RAM[41][15]_i_1_n_0 | rst_IBUF         |               15 |             16 |         1.07 |
|  clk_IBUF_BUFG | nolabel_line37/u_RingMemSys/u_ring/RAM[64][15]_i_1_n_0 | rst_IBUF         |               13 |             16 |         1.23 |
|  clk_IBUF_BUFG | nolabel_line37/u_RingMemSys/u_ring/RAM[32][15]_i_1_n_0 | rst_IBUF         |               15 |             16 |         1.07 |
|  clk_IBUF_BUFG | nolabel_line37/u_RingMemSys/u_ring/RAM[29][15]_i_1_n_0 | rst_IBUF         |               13 |             16 |         1.23 |
|  clk_IBUF_BUFG | nolabel_line37/u_RingMemSys/u_ring/RAM[42][15]_i_1_n_0 | rst_IBUF         |               14 |             16 |         1.14 |
|  clk_IBUF_BUFG | nolabel_line37/u_RingMemSys/u_ring/RAM[37][15]_i_1_n_0 | rst_IBUF         |               15 |             16 |         1.07 |
|  clk_IBUF_BUFG | nolabel_line37/u_RingMemSys/u_ring/RAM[1][15]_i_1_n_0  | rst_IBUF         |               12 |             16 |         1.33 |
|  clk_IBUF_BUFG | nolabel_line37/u_RingMemSys/u_ring/RAM[25][15]_i_1_n_0 | rst_IBUF         |               13 |             16 |         1.23 |
|  clk_IBUF_BUFG | nolabel_line37/u_RingMemSys/u_ring/RAM[13][15]_i_1_n_0 | rst_IBUF         |               12 |             16 |         1.33 |
|  clk_IBUF_BUFG | nolabel_line37/u_RingMemSys/u_ring/RAM[18][15]_i_1_n_0 | rst_IBUF         |               12 |             16 |         1.33 |
|  clk_IBUF_BUFG | nolabel_line37/u_RingMemSys/u_ring/RAM[17][15]_i_1_n_0 | rst_IBUF         |               13 |             16 |         1.23 |
|  clk_IBUF_BUFG | nolabel_line37/u_RingMemSys/u_ring/RAM[23][15]_i_1_n_0 | rst_IBUF         |               13 |             16 |         1.23 |
|  clk_IBUF_BUFG | nolabel_line37/u_RingMemSys/u_ring/RAM[31][15]_i_1_n_0 | rst_IBUF         |               14 |             16 |         1.14 |
|  clk_IBUF_BUFG | nolabel_line37/u_RingMemSys/u_ring/RAM[8][15]_i_1_n_0  | rst_IBUF         |               11 |             16 |         1.45 |
|  clk_IBUF_BUFG |                                                        |                  |              538 |           4308 |         8.01 |
|  clk_IBUF_BUFG |                                                        | rst_IBUF         |             2040 |           8171 |         4.01 |
+----------------+--------------------------------------------------------+------------------+------------------+----------------+--------------+


