
*** Running vivado
    with args -log main.vdi -applog -m64 -product Vivado -messageDb vivado.pb -mode batch -source main.tcl -notrace



****** Vivado v2025.1 (64-bit)
  **** SW Build 6140274 on Thu May 22 00:12:29 MDT 2025
  **** IP Build 6138677 on Thu May 22 03:10:11 MDT 2025
  **** SharedData Build 6139179 on Tue May 20 17:58:58 MDT 2025
  **** Start of session at: Thu Jul  2 21:07:36 2026
    ** Copyright 1986-2022 Xilinx, Inc. All Rights Reserved.
    ** Copyright 2022-2025 Advanced Micro Devices, Inc. All Rights Reserved.

source main.tcl -notrace
Command: link_design -top main -part xc7a35tcpg236-1
Design is defaulting to srcset: sources_1
Design is defaulting to constrset: constrs_1
INFO: [Device 21-403] Loading part xc7a35tcpg236-1
Netlist sorting complete. Time (s): cpu = 00:00:00 ; elapsed = 00:00:00.244 . Memory (MB): peak = 720.133 ; gain = 0.000
INFO: [Netlist 29-17] Analyzing 1138 Unisim elements for replacement
INFO: [Netlist 29-28] Unisim Transformation completed in 0 CPU seconds
INFO: [Project 1-479] Netlist was created with Vivado 2025.1
INFO: [Project 1-570] Preparing netlist for logic optimization
Parsing XDC File [C:/Users/apope/Documents/VivadoProjects/AllanDeviationEngine/AllanDeviationEngine.srcs/constrs_1/new/constraints.xdc]
CRITICAL WARNING: [Common 17-69] Command failed: 'N14' is not a valid site or package pin name. [C:/Users/apope/Documents/VivadoProjects/AllanDeviationEngine/AllanDeviationEngine.srcs/constrs_1/new/constraints.xdc:2]
Finished Parsing XDC File [C:/Users/apope/Documents/VivadoProjects/AllanDeviationEngine/AllanDeviationEngine.srcs/constrs_1/new/constraints.xdc]
INFO: [Opt 31-138] Pushed 0 inverter(s) to 0 load pin(s).
Netlist sorting complete. Time (s): cpu = 00:00:00 ; elapsed = 00:00:00.006 . Memory (MB): peak = 892.621 ; gain = 0.000
INFO: [Project 1-111] Unisim Transformation Summary:
No Unisim elements were transformed.

7 Infos, 0 Warnings, 1 Critical Warnings and 0 Errors encountered.
link_design completed successfully
link_design: Time (s): cpu = 00:00:05 ; elapsed = 00:00:05 . Memory (MB): peak = 892.621 ; gain = 399.379
Command: opt_design
Attempting to get a license for feature 'Implementation' and/or device 'xc7a35t'
INFO: [Common 17-349] Got license for feature 'Implementation' and/or device 'xc7a35t'
Running DRC as a precondition to command opt_design

Starting DRC Task
INFO: [DRC 23-27] Running DRC with 2 threads
INFO: [Project 1-461] DRC finished with 0 Errors
INFO: [Project 1-462] Please refer to the DRC report (report_drc) for more information.

Time (s): cpu = 00:00:01 ; elapsed = 00:00:00.640 . Memory (MB): peak = 923.629 ; gain = 31.008

Starting Cache Timing Information Task
INFO: [Timing 38-35] Done setting XDC timing constraints.
Ending Cache Timing Information Task | Checksum: 22f531f0d

Time (s): cpu = 00:00:05 ; elapsed = 00:00:05 . Memory (MB): peak = 1488.789 ; gain = 565.160

Starting Logic Optimization Task

Phase 1 Initialization

Phase 1.1 Core Generation And Design Setup
Phase 1.1 Core Generation And Design Setup | Checksum: 22f531f0d

Time (s): cpu = 00:00:00 ; elapsed = 00:00:00.016 . Memory (MB): peak = 1920.496 ; gain = 0.000

Phase 1.2 Setup Constraints And Sort Netlist
Phase 1.2 Setup Constraints And Sort Netlist | Checksum: 22f531f0d

Time (s): cpu = 00:00:00 ; elapsed = 00:00:00.027 . Memory (MB): peak = 1920.496 ; gain = 0.000
Phase 1 Initialization | Checksum: 22f531f0d

Time (s): cpu = 00:00:00 ; elapsed = 00:00:00.028 . Memory (MB): peak = 1920.496 ; gain = 0.000

Phase 2 Timer Update And Timing Data Collection

Phase 2.1 Timer Update
Phase 2.1 Timer Update | Checksum: 22f531f0d

Time (s): cpu = 00:00:01 ; elapsed = 00:00:00.233 . Memory (MB): peak = 1920.496 ; gain = 0.000

Phase 2.2 Timing Data Collection
Phase 2.2 Timing Data Collection | Checksum: 22f531f0d

Time (s): cpu = 00:00:01 ; elapsed = 00:00:00.258 . Memory (MB): peak = 1920.496 ; gain = 0.000
Phase 2 Timer Update And Timing Data Collection | Checksum: 22f531f0d

Time (s): cpu = 00:00:01 ; elapsed = 00:00:00.259 . Memory (MB): peak = 1920.496 ; gain = 0.000

Phase 3 Retarget
INFO: [Opt 31-1851] Number of loadless carry chains removed were: 0
INFO: [Opt 31-1834] Total Chains To Be Transformed Were: 0 AND Number of Transformed insts Created are: 0
INFO: [Opt 31-138] Pushed 0 inverter(s) to 0 load pin(s).
INFO: [Opt 31-49] Retargeted 0 cell(s).
Phase 3 Retarget | Checksum: 22f531f0d

Time (s): cpu = 00:00:01 ; elapsed = 00:00:00.424 . Memory (MB): peak = 1920.496 ; gain = 0.000
Retarget | Checksum: 22f531f0d
INFO: [Opt 31-389] Phase Retarget created 0 cells and removed 0 cells

Phase 4 Constant propagation
INFO: [Opt 31-138] Pushed 0 inverter(s) to 0 load pin(s).
Phase 4 Constant propagation | Checksum: 165425c58

Time (s): cpu = 00:00:01 ; elapsed = 00:00:00.516 . Memory (MB): peak = 1920.496 ; gain = 0.000
Constant propagation | Checksum: 165425c58
INFO: [Opt 31-389] Phase Constant propagation created 0 cells and removed 0 cells

Phase 5 Sweep
INFO: [Constraints 18-11670] Building netlist checker database with flags, 0x8
Done building netlist checker database: Time (s): cpu = 00:00:00 ; elapsed = 00:00:00.007 . Memory (MB): peak = 1920.496 ; gain = 0.000
Phase 5 Sweep | Checksum: 1df253740

Time (s): cpu = 00:00:01 ; elapsed = 00:00:00.697 . Memory (MB): peak = 1920.496 ; gain = 0.000
Sweep | Checksum: 1df253740
INFO: [Opt 31-389] Phase Sweep created 0 cells and removed 0 cells

Phase 6 BUFG optimization
Phase 6 BUFG optimization | Checksum: 1df253740

Time (s): cpu = 00:00:01 ; elapsed = 00:00:00.829 . Memory (MB): peak = 1920.496 ; gain = 0.000
BUFG optimization | Checksum: 1df253740
INFO: [Opt 31-662] Phase BUFG optimization created 0 cells of which 0 are BUFGs and removed 0 cells.

Phase 7 Shift Register Optimization
INFO: [Opt 31-1064] SRL Remap converted 0 SRLs to 0 registers and converted 0 registers of register chains to 0 SRLs
Phase 7 Shift Register Optimization | Checksum: 1df253740

Time (s): cpu = 00:00:01 ; elapsed = 00:00:00.878 . Memory (MB): peak = 1920.496 ; gain = 0.000
Shift Register Optimization | Checksum: 1df253740
INFO: [Opt 31-389] Phase Shift Register Optimization created 0 cells and removed 0 cells

Phase 8 Post Processing Netlist
Phase 8 Post Processing Netlist | Checksum: 1df253740

Time (s): cpu = 00:00:01 ; elapsed = 00:00:00.922 . Memory (MB): peak = 1920.496 ; gain = 0.000
Post Processing Netlist | Checksum: 1df253740
INFO: [Opt 31-389] Phase Post Processing Netlist created 0 cells and removed 0 cells

Phase 9 Finalization

Phase 9.1 Finalizing Design Cores and Updating Shapes
Phase 9.1 Finalizing Design Cores and Updating Shapes | Checksum: 2b9c0b44e

Time (s): cpu = 00:00:02 ; elapsed = 00:00:01 . Memory (MB): peak = 1920.496 ; gain = 0.000

Phase 9.2 Verifying Netlist Connectivity

Starting Connectivity Check Task

Time (s): cpu = 00:00:00 ; elapsed = 00:00:00.023 . Memory (MB): peak = 1920.496 ; gain = 0.000
Phase 9.2 Verifying Netlist Connectivity | Checksum: 2b9c0b44e

Time (s): cpu = 00:00:02 ; elapsed = 00:00:01 . Memory (MB): peak = 1920.496 ; gain = 0.000
Phase 9 Finalization | Checksum: 2b9c0b44e

Time (s): cpu = 00:00:02 ; elapsed = 00:00:01 . Memory (MB): peak = 1920.496 ; gain = 0.000
Opt_design Change Summary
=========================


-------------------------------------------------------------------------------------------------------------------------
|  Phase                        |  #Cells created  |  #Cells Removed  |  #Constrained objects preventing optimizations  |
-------------------------------------------------------------------------------------------------------------------------
|  Retarget                     |               0  |               0  |                                              0  |
|  Constant propagation         |               0  |               0  |                                              0  |
|  Sweep                        |               0  |               0  |                                              0  |
|  BUFG optimization            |               0  |               0  |                                              0  |
|  Shift Register Optimization  |               0  |               0  |                                              0  |
|  Post Processing Netlist      |               0  |               0  |                                              0  |
-------------------------------------------------------------------------------------------------------------------------


Ending Logic Optimization Task | Checksum: 2b9c0b44e

Time (s): cpu = 00:00:02 ; elapsed = 00:00:01 . Memory (MB): peak = 1920.496 ; gain = 0.000

Starting Power Optimization Task
INFO: [Pwropt 34-132] Skipping clock gating for clocks with a period < 2.00 ns.
INFO: [Pwropt 34-9] Applying IDT optimizations ...
INFO: [Pwropt 34-10] Applying ODC optimizations ...
INFO: [Timing 38-35] Done setting XDC timing constraints.
WARNING: [Power 33-232] No user defined clocks were found in the design! Power estimation will be inaccurate until this is corrected.
Resolution: Please specify clocks using create_clock/create_generated_clock for sequential elements. For pure combinatorial circuits, please specify a virtual clock, otherwise the vectorless estimation might be inaccurate
Running Vector-less Activity Propagation...

Finished Running Vector-less Activity Propagation


Starting PowerOpt Patch Enables Task
INFO: [Pwropt 34-162] WRITE_MODE attribute of 0 BRAM(s) out of a total of 2 has been updated to save power. Run report_power_opt to get a complete listing of the BRAMs updated.
INFO: [Pwropt 34-201] Structural ODC has moved 1 WE to EN ports
Number of BRAM Ports augmented: 0 newly gated: 1 Total Ports: 4
Ending PowerOpt Patch Enables Task | Checksum: 25cbbc6eb

Time (s): cpu = 00:00:00 ; elapsed = 00:00:00.046 . Memory (MB): peak = 1999.555 ; gain = 0.000
Ending Power Optimization Task | Checksum: 25cbbc6eb

Time (s): cpu = 00:00:03 ; elapsed = 00:00:02 . Memory (MB): peak = 1999.555 ; gain = 79.059

Starting Final Cleanup Task
Ending Final Cleanup Task | Checksum: 25cbbc6eb

Time (s): cpu = 00:00:00 ; elapsed = 00:00:00.002 . Memory (MB): peak = 1999.555 ; gain = 0.000

Starting Netlist Obfuscation Task
Netlist sorting complete. Time (s): cpu = 00:00:01 ; elapsed = 00:00:00.007 . Memory (MB): peak = 1999.555 ; gain = 0.000
Ending Netlist Obfuscation Task | Checksum: 2f297b7b7

Time (s): cpu = 00:00:01 ; elapsed = 00:00:00.009 . Memory (MB): peak = 1999.555 ; gain = 0.000
INFO: [Common 17-83] Releasing license: Implementation
32 Infos, 1 Warnings, 1 Critical Warnings and 0 Errors encountered.
opt_design completed successfully
opt_design: Time (s): cpu = 00:00:14 ; elapsed = 00:00:11 . Memory (MB): peak = 1999.555 ; gain = 1106.934
INFO: [Vivado 12-24828] Executing command : report_drc -file main_drc_opted.rpt -pb main_drc_opted.pb -rpx main_drc_opted.rpx
Command: report_drc -file main_drc_opted.rpt -pb main_drc_opted.pb -rpx main_drc_opted.rpx
INFO: [IP_Flow 19-234] Refreshing IP repositories
INFO: [IP_Flow 19-1704] No user IP repositories specified
INFO: [IP_Flow 19-2313] Loaded Vivado IP repository 'C:/Xilinx/2025.1/Vivado/data/ip'.
INFO: [DRC 23-27] Running DRC with 2 threads
INFO: [Vivado_Tcl 2-168] The results of DRC are in file C:/Users/apope/Documents/VivadoProjects/AllanDeviationEngine/AllanDeviationEngine.runs/impl_1/main_drc_opted.rpt.
report_drc completed successfully
INFO: [Timing 38-480] Writing timing data to binary archive.
Wrote PlaceDB: Time (s): cpu = 00:00:00 ; elapsed = 00:00:00.001 . Memory (MB): peak = 1999.555 ; gain = 0.000
Wrote PulsedLatchDB: Time (s): cpu = 00:00:00 ; elapsed = 00:00:00 . Memory (MB): peak = 1999.555 ; gain = 0.000
Writing XDEF routing.
Writing XDEF routing logical nets.
Writing XDEF routing special nets.
Wrote RouteStorage: Time (s): cpu = 00:00:00 ; elapsed = 00:00:00.026 . Memory (MB): peak = 1999.555 ; gain = 0.000
Wrote Netlist Cache: Time (s): cpu = 00:00:00 ; elapsed = 00:00:00 . Memory (MB): peak = 1999.555 ; gain = 0.000
Wrote Device Cache: Time (s): cpu = 00:00:00 ; elapsed = 00:00:00.005 . Memory (MB): peak = 1999.555 ; gain = 0.000
Write Physdb Complete: Time (s): cpu = 00:00:00 ; elapsed = 00:00:00.036 . Memory (MB): peak = 1999.555 ; gain = 0.000
Write ShapeDB Complete: Time (s): cpu = 00:00:00 ; elapsed = 00:00:00.058 . Memory (MB): peak = 1999.555 ; gain = 0.000
INFO: [Common 17-1381] The checkpoint 'C:/Users/apope/Documents/VivadoProjects/AllanDeviationEngine/AllanDeviationEngine.runs/impl_1/main_opt.dcp' has been generated.
Command: place_design
Attempting to get a license for feature 'Implementation' and/or device 'xc7a35t'
INFO: [Common 17-349] Got license for feature 'Implementation' and/or device 'xc7a35t'
INFO: [Common 17-83] Releasing license: Implementation
INFO: [DRC 23-27] Running DRC with 2 threads
INFO: [Vivado_Tcl 4-198] DRC finished with 0 Errors
INFO: [Vivado_Tcl 4-199] Please refer to the DRC report (report_drc) for more information.
Running DRC as a precondition to command place_design
INFO: [DRC 23-27] Running DRC with 2 threads
INFO: [Vivado_Tcl 4-198] DRC finished with 0 Errors
INFO: [Vivado_Tcl 4-199] Please refer to the DRC report (report_drc) for more information.
INFO: [Place 30-611] Multithreading enabled for place_design using a maximum of 2 CPUs

Starting Placer Task

Phase 1 Placer Initialization

Phase 1.1 Placer Initialization Netlist Sorting
Netlist sorting complete. Time (s): cpu = 00:00:00 ; elapsed = 00:00:00.006 . Memory (MB): peak = 1999.555 ; gain = 0.000
Phase 1.1 Placer Initialization Netlist Sorting | Checksum: 22e719fe3

Time (s): cpu = 00:00:00 ; elapsed = 00:00:00.009 . Memory (MB): peak = 1999.555 ; gain = 0.000
Netlist sorting complete. Time (s): cpu = 00:00:00 ; elapsed = 00:00:00.005 . Memory (MB): peak = 1999.555 ; gain = 0.000

Phase 1.2 IO Placement/ Clock Placement/ Build Placer Device
INFO: [Timing 38-35] Done setting XDC timing constraints.
Phase 1.2 IO Placement/ Clock Placement/ Build Placer Device | Checksum: 1e1cf01d7

Time (s): cpu = 00:00:02 ; elapsed = 00:00:02 . Memory (MB): peak = 1999.555 ; gain = 0.000

Phase 1.3 Build Placer Netlist Model
Phase 1.3 Build Placer Netlist Model | Checksum: 24a6afe73

Time (s): cpu = 00:00:03 ; elapsed = 00:00:03 . Memory (MB): peak = 1999.555 ; gain = 0.000

Phase 1.4 Constrain Clocks/Macros
Phase 1.4 Constrain Clocks/Macros | Checksum: 24a6afe73

Time (s): cpu = 00:00:03 ; elapsed = 00:00:03 . Memory (MB): peak = 1999.555 ; gain = 0.000
Phase 1 Placer Initialization | Checksum: 24a6afe73

Time (s): cpu = 00:00:03 ; elapsed = 00:00:03 . Memory (MB): peak = 1999.555 ; gain = 0.000

Phase 2 Global Placement

Phase 2.1 Floorplanning
Phase 2.1 Floorplanning | Checksum: 24a6afe73

Time (s): cpu = 00:00:03 ; elapsed = 00:00:03 . Memory (MB): peak = 1999.555 ; gain = 0.000

Phase 2.2 Update Timing before SLR Path Opt
Phase 2.2 Update Timing before SLR Path Opt | Checksum: 24a6afe73

Time (s): cpu = 00:00:03 ; elapsed = 00:00:03 . Memory (MB): peak = 1999.555 ; gain = 0.000

Phase 2.3 Post-Processing in Floorplanning
Phase 2.3 Post-Processing in Floorplanning | Checksum: 24a6afe73

Time (s): cpu = 00:00:03 ; elapsed = 00:00:03 . Memory (MB): peak = 1999.555 ; gain = 0.000

Phase 2.4 Global Place Phase1
Phase 2.4 Global Place Phase1 | Checksum: 1e929f3ee

Time (s): cpu = 00:00:07 ; elapsed = 00:00:05 . Memory (MB): peak = 1999.555 ; gain = 0.000

Phase 2.5 Global Place Phase2
WARNING: [Place 46-29] Timing had been disabled during Placer and, therefore, physical synthesis in Placer will be skipped.
Phase 2.5 Global Place Phase2 | Checksum: 25640bce0

Time (s): cpu = 00:00:07 ; elapsed = 00:00:06 . Memory (MB): peak = 1999.555 ; gain = 0.000
Phase 2 Global Placement | Checksum: 25640bce0

Time (s): cpu = 00:00:07 ; elapsed = 00:00:06 . Memory (MB): peak = 1999.555 ; gain = 0.000

Phase 3 Detail Placement

Phase 3.1 Commit Multi Column Macros
Phase 3.1 Commit Multi Column Macros | Checksum: 25640bce0

Time (s): cpu = 00:00:08 ; elapsed = 00:00:06 . Memory (MB): peak = 1999.555 ; gain = 0.000

Phase 3.2 Commit Most Macros & LUTRAMs
Phase 3.2 Commit Most Macros & LUTRAMs | Checksum: 2b02e91ca

Time (s): cpu = 00:00:08 ; elapsed = 00:00:06 . Memory (MB): peak = 1999.555 ; gain = 0.000

Phase 3.3 Area Swap Optimization
Phase 3.3 Area Swap Optimization | Checksum: 2bf37fa5c

Time (s): cpu = 00:00:08 ; elapsed = 00:00:06 . Memory (MB): peak = 1999.555 ; gain = 0.000

Phase 3.4 Pipeline Register Optimization
Phase 3.4 Pipeline Register Optimization | Checksum: 2502843f5

Time (s): cpu = 00:00:09 ; elapsed = 00:00:06 . Memory (MB): peak = 1999.555 ; gain = 0.000

Phase 3.5 Small Shape Detail Placement
Phase 3.5 Small Shape Detail Placement | Checksum: 267c69bd3

Time (s): cpu = 00:00:12 ; elapsed = 00:00:09 . Memory (MB): peak = 1999.555 ; gain = 0.000

Phase 3.6 Re-assign LUT pins
Phase 3.6 Re-assign LUT pins | Checksum: 267c69bd3

Time (s): cpu = 00:00:12 ; elapsed = 00:00:10 . Memory (MB): peak = 1999.555 ; gain = 0.000

Phase 3.7 Pipeline Register Optimization
Phase 3.7 Pipeline Register Optimization | Checksum: 267c69bd3

Time (s): cpu = 00:00:12 ; elapsed = 00:00:10 . Memory (MB): peak = 1999.555 ; gain = 0.000
Phase 3 Detail Placement | Checksum: 267c69bd3

Time (s): cpu = 00:00:13 ; elapsed = 00:00:10 . Memory (MB): peak = 1999.555 ; gain = 0.000

Phase 4 Post Placement Optimization and Clean-Up

Phase 4.1 Post Commit Optimization
Phase 4.1 Post Commit Optimization | Checksum: 267c69bd3

Time (s): cpu = 00:00:13 ; elapsed = 00:00:10 . Memory (MB): peak = 1999.555 ; gain = 0.000

Phase 4.2 Post Placement Cleanup
Phase 4.2 Post Placement Cleanup | Checksum: 267c69bd3

Time (s): cpu = 00:00:13 ; elapsed = 00:00:10 . Memory (MB): peak = 1999.555 ; gain = 0.000

Phase 4.3 Placer Reporting

Phase 4.3.1 Print Estimated Congestion
INFO: [Place 30-612] Post-Placement Estimated Congestion 
 ____________________________________________________
|           | Global Congestion | Short Congestion  |
| Direction | Region Size       | Region Size       |
|___________|___________________|___________________|
|      North|                2x2|                2x2|
|___________|___________________|___________________|
|      South|                1x1|                2x2|
|___________|___________________|___________________|
|       East|                1x1|                1x1|
|___________|___________________|___________________|
|       West|                1x1|                1x1|
|___________|___________________|___________________|

Phase 4.3.1 Print Estimated Congestion | Checksum: 267c69bd3

Time (s): cpu = 00:00:13 ; elapsed = 00:00:10 . Memory (MB): peak = 1999.555 ; gain = 0.000
Phase 4.3 Placer Reporting | Checksum: 267c69bd3

Time (s): cpu = 00:00:13 ; elapsed = 00:00:10 . Memory (MB): peak = 1999.555 ; gain = 0.000

Phase 4.4 Final Placement Cleanup
Netlist sorting complete. Time (s): cpu = 00:00:01 ; elapsed = 00:00:00.006 . Memory (MB): peak = 1999.555 ; gain = 0.000

Time (s): cpu = 00:00:14 ; elapsed = 00:00:10 . Memory (MB): peak = 1999.555 ; gain = 0.000
Phase 4 Post Placement Optimization and Clean-Up | Checksum: 234039166

Time (s): cpu = 00:00:14 ; elapsed = 00:00:10 . Memory (MB): peak = 1999.555 ; gain = 0.000
Ending Placer Task | Checksum: 1f982021d

Time (s): cpu = 00:00:14 ; elapsed = 00:00:10 . Memory (MB): peak = 1999.555 ; gain = 0.000
51 Infos, 2 Warnings, 1 Critical Warnings and 0 Errors encountered.
place_design completed successfully
place_design: Time (s): cpu = 00:00:17 ; elapsed = 00:00:12 . Memory (MB): peak = 1999.555 ; gain = 0.000
INFO: [Vivado 12-24838] Running report commands "report_control_sets, report_io, report_utilization" in parallel.
Running report generation with 2 threads.
INFO: [Vivado 12-24828] Executing command : report_io -file main_io_placed.rpt
report_io: Time (s): cpu = 00:00:00 ; elapsed = 00:00:00.040 . Memory (MB): peak = 1999.555 ; gain = 0.000
INFO: [Vivado 12-24828] Executing command : report_control_sets -verbose -file main_control_sets_placed.rpt
report_control_sets: Time (s): cpu = 00:00:00 ; elapsed = 00:00:00.027 . Memory (MB): peak = 1999.555 ; gain = 0.000
INFO: [Vivado 12-24828] Executing command : report_utilization -file main_utilization_placed.rpt -pb main_utilization_placed.pb
INFO: [Timing 38-480] Writing timing data to binary archive.
Write ShapeDB Complete: Time (s): cpu = 00:00:00 ; elapsed = 00:00:00.085 . Memory (MB): peak = 1999.555 ; gain = 0.000
Wrote PlaceDB: Time (s): cpu = 00:00:02 ; elapsed = 00:00:01 . Memory (MB): peak = 1999.555 ; gain = 0.000
Wrote PulsedLatchDB: Time (s): cpu = 00:00:00 ; elapsed = 00:00:00 . Memory (MB): peak = 1999.555 ; gain = 0.000
Writing XDEF routing.
Writing XDEF routing logical nets.
Writing XDEF routing special nets.
Wrote RouteStorage: Time (s): cpu = 00:00:00 ; elapsed = 00:00:00.023 . Memory (MB): peak = 1999.555 ; gain = 0.000
Wrote Netlist Cache: Time (s): cpu = 00:00:00 ; elapsed = 00:00:00.027 . Memory (MB): peak = 1999.555 ; gain = 0.000
Wrote Device Cache: Time (s): cpu = 00:00:00 ; elapsed = 00:00:00.005 . Memory (MB): peak = 1999.555 ; gain = 0.000
Write Physdb Complete: Time (s): cpu = 00:00:02 ; elapsed = 00:00:01 . Memory (MB): peak = 1999.555 ; gain = 0.000
INFO: [Common 17-1381] The checkpoint 'C:/Users/apope/Documents/VivadoProjects/AllanDeviationEngine/AllanDeviationEngine.runs/impl_1/main_placed.dcp' has been generated.
Command: phys_opt_design
Attempting to get a license for feature 'Implementation' and/or device 'xc7a35t'
INFO: [Common 17-349] Got license for feature 'Implementation' and/or device 'xc7a35t'

Starting Initial Update Timing Task

Time (s): cpu = 00:00:00 ; elapsed = 00:00:00.679 . Memory (MB): peak = 1999.555 ; gain = 0.000
INFO: [Vivado_Tcl 4-235] No timing constraint found. The netlist was not modified.
INFO: [Common 17-83] Releasing license: Implementation
60 Infos, 2 Warnings, 1 Critical Warnings and 0 Errors encountered.
phys_opt_design completed successfully
INFO: [Timing 38-480] Writing timing data to binary archive.
Write ShapeDB Complete: Time (s): cpu = 00:00:01 ; elapsed = 00:00:00.087 . Memory (MB): peak = 2006.203 ; gain = 4.051
Wrote PlaceDB: Time (s): cpu = 00:00:03 ; elapsed = 00:00:01 . Memory (MB): peak = 2011.047 ; gain = 8.863
Wrote PulsedLatchDB: Time (s): cpu = 00:00:00 ; elapsed = 00:00:00 . Memory (MB): peak = 2011.047 ; gain = 0.000
Writing XDEF routing.
Writing XDEF routing logical nets.
Writing XDEF routing special nets.
Wrote RouteStorage: Time (s): cpu = 00:00:00 ; elapsed = 00:00:00.022 . Memory (MB): peak = 2011.047 ; gain = 0.000
Wrote Netlist Cache: Time (s): cpu = 00:00:00 ; elapsed = 00:00:00.026 . Memory (MB): peak = 2011.047 ; gain = 0.000
Wrote Device Cache: Time (s): cpu = 00:00:00 ; elapsed = 00:00:00.004 . Memory (MB): peak = 2011.047 ; gain = 0.000
Write Physdb Complete: Time (s): cpu = 00:00:03 ; elapsed = 00:00:01 . Memory (MB): peak = 2011.047 ; gain = 8.863
INFO: [Common 17-1381] The checkpoint 'C:/Users/apope/Documents/VivadoProjects/AllanDeviationEngine/AllanDeviationEngine.runs/impl_1/main_physopt.dcp' has been generated.
Command: route_design
Attempting to get a license for feature 'Implementation' and/or device 'xc7a35t'
INFO: [Common 17-349] Got license for feature 'Implementation' and/or device 'xc7a35t'


Starting Routing Task
INFO: [Route 35-254] Multithreading enabled for route_design using a maximum of 2 CPUs

Phase 1 Build RT Design
Checksum: PlaceDB: be93dade ConstDB: 0 ShapeSum: 9a6ccae8 RouteDB: a0815c57
Post Restoration Checksum: NetGraph: bc801374 | NumContArr: 132f023a | Constraints: c2a8fa9d | Timing: c2a8fa9d
Phase 1 Build RT Design | Checksum: 255010ae8

Time (s): cpu = 00:00:17 ; elapsed = 00:00:15 . Memory (MB): peak = 2112.309 ; gain = 101.199

Phase 2 Router Initialization
INFO: [Route 35-64] No timing constraints were detected. The router will operate in resource-optimization mode.

Phase 2.1 Fix Topology Constraints
Phase 2.1 Fix Topology Constraints | Checksum: 255010ae8

Time (s): cpu = 00:00:17 ; elapsed = 00:00:15 . Memory (MB): peak = 2120.414 ; gain = 109.305

Phase 2.2 Pre Route Cleanup
Phase 2.2 Pre Route Cleanup | Checksum: 255010ae8

Time (s): cpu = 00:00:17 ; elapsed = 00:00:15 . Memory (MB): peak = 2120.414 ; gain = 109.305
 Number of Nodes with overlaps = 0

Router Utilization Summary
  Global Vertical Routing Utilization    = 0 %
  Global Horizontal Routing Utilization  = 0 %
  Routable Net Status*
  *Does not include unroutable nets such as driverless and loadless.
  Run report_route_status for detailed report.
  Number of Failed Nets               = 20576
    (Failed Nets is the sum of unrouted and partially routed nets)
  Number of Unrouted Nets             = 20576
  Number of Partially Routed Nets     = 0
  Number of Node Overlaps             = 0

Phase 2 Router Initialization | Checksum: 237e5b6ef

Time (s): cpu = 00:00:18 ; elapsed = 00:00:15 . Memory (MB): peak = 2150.410 ; gain = 139.301

Phase 3 Global Routing
Phase 3 Global Routing | Checksum: 237e5b6ef

Time (s): cpu = 00:00:18 ; elapsed = 00:00:15 . Memory (MB): peak = 2150.410 ; gain = 139.301

Phase 4 Initial Routing

Phase 4.1 Initial Net Routing Pass
Phase 4.1 Initial Net Routing Pass | Checksum: 2b8ee4ab3

Time (s): cpu = 00:00:21 ; elapsed = 00:00:17 . Memory (MB): peak = 2181.328 ; gain = 170.219
Phase 4 Initial Routing | Checksum: 2b8ee4ab3

Time (s): cpu = 00:00:21 ; elapsed = 00:00:17 . Memory (MB): peak = 2181.328 ; gain = 170.219

Phase 5 Rip-up And Reroute

Phase 5.1 Global Iteration 0
 Number of Nodes with overlaps = 1752
 Number of Nodes with overlaps = 13
 Number of Nodes with overlaps = 0
Phase 5.1 Global Iteration 0 | Checksum: 29fcbe715

Time (s): cpu = 00:00:24 ; elapsed = 00:00:19 . Memory (MB): peak = 2181.328 ; gain = 170.219
Phase 5 Rip-up And Reroute | Checksum: 29fcbe715

Time (s): cpu = 00:00:24 ; elapsed = 00:00:19 . Memory (MB): peak = 2181.328 ; gain = 170.219

Phase 6 Delay and Skew Optimization
Phase 6 Delay and Skew Optimization | Checksum: 29fcbe715

Time (s): cpu = 00:00:24 ; elapsed = 00:00:20 . Memory (MB): peak = 2181.328 ; gain = 170.219

Phase 7 Post Hold Fix

Phase 7.1 Hold Fix Iter
Phase 7.1 Hold Fix Iter | Checksum: 29fcbe715

Time (s): cpu = 00:00:24 ; elapsed = 00:00:20 . Memory (MB): peak = 2181.328 ; gain = 170.219
Phase 7 Post Hold Fix | Checksum: 29fcbe715

Time (s): cpu = 00:00:24 ; elapsed = 00:00:20 . Memory (MB): peak = 2181.328 ; gain = 170.219

Phase 8 Route finalize

Router Utilization Summary
  Global Vertical Routing Utilization    = 10.904 %
  Global Horizontal Routing Utilization  = 11.4689 %
  Routable Net Status*
  *Does not include unroutable nets such as driverless and loadless.
  Run report_route_status for detailed report.
  Number of Failed Nets               = 0
    (Failed Nets is the sum of unrouted and partially routed nets)
  Number of Unrouted Nets             = 0
  Number of Partially Routed Nets     = 0
  Number of Node Overlaps             = 0


--GLOBAL Congestion:
Utilization threshold used for congestion level computation: 0.85
Congestion Report
North Dir 1x1 Area, Max Cong = 72.973%, No Congested Regions.
South Dir 1x1 Area, Max Cong = 86.4865%, Congestion bounded by tiles (Lower Left Tile -> Upper Right Tile):
   INT_R_X9Y42 -> INT_R_X9Y42
East Dir 1x1 Area, Max Cong = 75%, No Congested Regions.
West Dir 1x1 Area, Max Cong = 77.9412%, No Congested Regions.

------------------------------
Reporting congestion hotspots
------------------------------
Direction: North
----------------
Congested clusters found at Level 0
Effective congestion level: 0 Aspect Ratio: 1 Sparse Ratio: 0
Direction: South
----------------
Congested clusters found at Level 0
Effective congestion level: 0 Aspect Ratio: 1 Sparse Ratio: 1
Direction: East
----------------
Congested clusters found at Level 0
Effective congestion level: 0 Aspect Ratio: 1 Sparse Ratio: 0
Direction: West
----------------
Congested clusters found at Level 0
Effective congestion level: 0 Aspect Ratio: 1 Sparse Ratio: 0

Phase 8 Route finalize | Checksum: 29fcbe715

Time (s): cpu = 00:00:25 ; elapsed = 00:00:20 . Memory (MB): peak = 2181.328 ; gain = 170.219

Phase 9 Verifying routed nets

 Verification completed successfully
Phase 9 Verifying routed nets | Checksum: 29fcbe715

Time (s): cpu = 00:00:25 ; elapsed = 00:00:20 . Memory (MB): peak = 2181.328 ; gain = 170.219

Phase 10 Depositing Routes
Phase 10 Depositing Routes | Checksum: 25a3679e8

Time (s): cpu = 00:00:26 ; elapsed = 00:00:20 . Memory (MB): peak = 2181.328 ; gain = 170.219

Phase 11 Post Process Routing
Phase 11 Post Process Routing | Checksum: 25a3679e8

Time (s): cpu = 00:00:26 ; elapsed = 00:00:20 . Memory (MB): peak = 2181.328 ; gain = 170.219
Total Elapsed time in route_design: 20.48 secs

Phase 12 Post-Route Event Processing
Phase 12 Post-Route Event Processing | Checksum: e97d23be

Time (s): cpu = 00:00:26 ; elapsed = 00:00:21 . Memory (MB): peak = 2181.328 ; gain = 170.219
INFO: [Route 35-16] Router Completed Successfully
Ending Routing Task | Checksum: e97d23be

Time (s): cpu = 00:00:26 ; elapsed = 00:00:21 . Memory (MB): peak = 2181.328 ; gain = 170.219

Routing Is Done.
INFO: [Common 17-83] Releasing license: Implementation
67 Infos, 2 Warnings, 1 Critical Warnings and 0 Errors encountered.
route_design completed successfully
route_design: Time (s): cpu = 00:00:26 ; elapsed = 00:00:21 . Memory (MB): peak = 2181.328 ; gain = 170.281
INFO: [Vivado 12-24828] Executing command : report_drc -file main_drc_routed.rpt -pb main_drc_routed.pb -rpx main_drc_routed.rpx
Command: report_drc -file main_drc_routed.rpt -pb main_drc_routed.pb -rpx main_drc_routed.rpx
INFO: [IP_Flow 19-1839] IP Catalog is up to date.
INFO: [DRC 23-27] Running DRC with 2 threads
INFO: [Vivado_Tcl 2-168] The results of DRC are in file C:/Users/apope/Documents/VivadoProjects/AllanDeviationEngine/AllanDeviationEngine.runs/impl_1/main_drc_routed.rpt.
report_drc completed successfully
INFO: [Vivado 12-24828] Executing command : report_methodology -file main_methodology_drc_routed.rpt -pb main_methodology_drc_routed.pb -rpx main_methodology_drc_routed.rpx
Command: report_methodology -file main_methodology_drc_routed.rpt -pb main_methodology_drc_routed.pb -rpx main_methodology_drc_routed.rpx
INFO: [Timing 38-35] Done setting XDC timing constraints.
INFO: [DRC 23-133] Running Methodology with 2 threads
INFO: [Vivado_Tcl 2-1520] The results of Report Methodology are in file C:/Users/apope/Documents/VivadoProjects/AllanDeviationEngine/AllanDeviationEngine.runs/impl_1/main_methodology_drc_routed.rpt.
report_methodology completed successfully
INFO: [Vivado 12-24828] Executing command : report_timing_summary -max_paths 10 -report_unconstrained -file main_timing_summary_routed.rpt -pb main_timing_summary_routed.pb -rpx main_timing_summary_routed.rpx -warn_on_violation 
INFO: [Timing 38-35] Done setting XDC timing constraints.
INFO: [Timing 38-91] UpdateTimingParams: Speed grade: -1, Delay Type: min_max.
INFO: [Timing 38-191] Multithreading enabled for timing update using a maximum of 2 CPUs
WARNING: [Timing 38-313] There are no user specified timing constraints. Timing constraints are needed for proper timing analysis.
INFO: [Vivado 12-24838] Running report commands "report_incremental_reuse, report_route_status" in parallel.
Running report generation with 2 threads.
INFO: [Vivado 12-24828] Executing command : report_incremental_reuse -file main_incremental_reuse_routed.rpt
INFO: [Vivado_Tcl 4-1062] Incremental flow is disabled. No incremental reuse Info to report.
INFO: [Vivado 12-24828] Executing command : report_route_status -file main_route_status.rpt -pb main_route_status.pb
INFO: [Vivado 12-24828] Executing command : report_power -file main_power_routed.rpt -pb main_power_summary_routed.pb -rpx main_power_routed.rpx
Command: report_power -file main_power_routed.rpt -pb main_power_summary_routed.pb -rpx main_power_routed.rpx
WARNING: [Power 33-232] No user defined clocks were found in the design! Power estimation will be inaccurate until this is corrected.
Resolution: Please specify clocks using create_clock/create_generated_clock for sequential elements. For pure combinatorial circuits, please specify a virtual clock, otherwise the vectorless estimation might be inaccurate
Running Vector-less Activity Propagation...

Finished Running Vector-less Activity Propagation
84 Infos, 4 Warnings, 1 Critical Warnings and 0 Errors encountered.
report_power completed successfully
INFO: [Vivado 12-24828] Executing command : report_clock_utilization -file main_clock_utilization_routed.rpt
INFO: [Vivado 12-24828] Executing command : report_bus_skew -warn_on_violation -file main_bus_skew_routed.rpt -pb main_bus_skew_routed.pb -rpx main_bus_skew_routed.rpx
INFO: [Timing 38-91] UpdateTimingParams: Speed grade: -1, Delay Type: min_max.
INFO: [Timing 38-191] Multithreading enabled for timing update using a maximum of 2 CPUs
generate_parallel_reports: Time (s): cpu = 00:00:20 ; elapsed = 00:00:12 . Memory (MB): peak = 2294.656 ; gain = 113.328
INFO: [Timing 38-480] Writing timing data to binary archive.
Write ShapeDB Complete: Time (s): cpu = 00:00:00 ; elapsed = 00:00:00.074 . Memory (MB): peak = 2311.949 ; gain = 2.828
Wrote PlaceDB: Time (s): cpu = 00:00:02 ; elapsed = 00:00:00.974 . Memory (MB): peak = 2316.613 ; gain = 7.488
Wrote PulsedLatchDB: Time (s): cpu = 00:00:00 ; elapsed = 00:00:00 . Memory (MB): peak = 2316.613 ; gain = 0.000
Writing XDEF routing.
Writing XDEF routing logical nets.
Writing XDEF routing special nets.
Wrote RouteStorage: Time (s): cpu = 00:00:00 ; elapsed = 00:00:00.138 . Memory (MB): peak = 2316.613 ; gain = 0.000
Wrote Netlist Cache: Time (s): cpu = 00:00:00 ; elapsed = 00:00:00.022 . Memory (MB): peak = 2316.613 ; gain = 0.000
Wrote Device Cache: Time (s): cpu = 00:00:00 ; elapsed = 00:00:00.004 . Memory (MB): peak = 2316.613 ; gain = 0.000
Write Physdb Complete: Time (s): cpu = 00:00:02 ; elapsed = 00:00:01 . Memory (MB): peak = 2316.613 ; gain = 7.488
INFO: [Common 17-1381] The checkpoint 'C:/Users/apope/Documents/VivadoProjects/AllanDeviationEngine/AllanDeviationEngine.runs/impl_1/main_routed.dcp' has been generated.
INFO: [Common 17-206] Exiting Vivado at Thu Jul  2 21:08:53 2026...
